NI Linux Real-Time (run mode)

Log in with your NI-Auth credentials.

X11 forwarding request failed on channel 0
Last login: Fri Mar  1 19:35:00 2024 from 10.20.36.191
admin@roboRIO-2036-FRC:~# mount
ubi1:rootfs on / type ubifs (rw,relatime,ubi=1,vol=0)
devtmpfs on /dev type devtmpfs (rw,relatime,size=124564k,nr_inodes=31141,mode=755)
sysfs on /sys type sysfs (rw,relatime)
proc on /proc type proc (rw,relatime)
tmpfs on /run type tmpfs (rw,nosuid,nodev,mode=755)
tmpfs on /var/volatile type tmpfs (rw,relatime,size=65040k)
ubi0:bootfs on /boot type ubifs (rw,noatime,sync,ubi=0,vol=2)
debugfs on /sys/kernel/debug type debugfs (rw,relatime)
configfs on /sys/kernel/config type configfs (rw,relatime)
devpts on /dev/pts type devpts (rw,relatime,gid=5,mode=620,ptmxmode=000)
ubi0:config on /etc/natinst/share type ubifs (rw,relatime,sync,ubi=0,vol=3)
tracefs on /sys/kernel/debug/tracing type tracefs (rw,relatime)
none on /dev/cgroup/cpuset type cgroup (rw,relatime,cpuset,noprefix,release_agent=/sbin/cpuset_release_agent)
none on /dev/cgroup/cpuacct type cgroup (rw,relatime,cpuacct)
admin@roboRIO-2036-FRC:~# lsblk
NAME      MAJ:MIN RM   SIZE RO TYPE MOUNTPOINT
mtdblock0  31:0    0   128K  1 disk 
mtdblock1  31:1    0    11M  1 disk 
mtdblock2  31:2    0    70M  0 disk 
mtdblock3  31:3    0 430.4M  0 disk 
mtdblock4  31:4    0   252K  0 disk 
mtdblock5  31:5    0   252K  0 disk 
mtdblock6  31:6    0    54M  0 disk 
mtdblock7  31:7    0   4.1M  0 disk 
mtdblock8  31:8    0 413.3M  0 disk 
admin@roboRIO-2036-FRC:~# ls /dev
[1;34mblock[0m/              [1;35mmtd4ro[0m              [1;35mram3[0m                [1;35mtty24[0m               [1;35mtty57[0m
[1;34mbus[0m/                [1;35mmtd5[0m                [1;35mram4[0m                [1;35mtty25[0m               [1;35mtty58[0m
[1;34mcgroup[0m/             [1;35mmtd5ro[0m              [1;35mram5[0m                [1;35mtty26[0m               [1;35mtty59[0m
[1;34mchar[0m/               [1;35mmtd6[0m                [1;35mram6[0m                [1;35mtty27[0m               [1;35mtty6[0m
[1;35mconsole[0m             [1;35mmtd6ro[0m              [1;35mram7[0m                [1;35mtty28[0m               [1;35mtty60[0m
[1;35mcpu_dma_latency[0m     [1;35mmtd7[0m                [1;35mram8[0m                [1;35mtty29[0m               [1;35mtty61[0m
[1;36mfd[0m@                 [1;35mmtd7ro[0m              [1;35mram9[0m                [1;35mtty3[0m                [1;35mtty62[0m
[1;35mfpgaperipheral[0m      [1;35mmtd8[0m                [1;35mrandom[0m              [1;35mtty30[0m               [1;35mtty63[0m
[1;35mfull[0m                [1;35mmtd8ro[0m              [1;35mrfkill[0m              [1;35mtty31[0m               [1;35mtty7[0m
[1;35mgpiochip0[0m           [1;35mmtdblock0[0m           [1;34mshm[0m/                [1;35mtty32[0m               [1;35mtty8[0m
[1;35mi2c-0[0m               [1;35mmtdblock1[0m           [1;35mspidev0.0[0m           [1;35mtty33[0m               [1;35mtty9[0m
[1;35mi2c-1[0m               [1;35mmtdblock2[0m           [1;35mspidev0.1[0m           [1;35mtty34[0m               [1;35mttyPS0[0m
[1;35mi2c-2[0m               [1;35mmtdblock3[0m           [1;35mspidev0.2[0m           [1;35mtty35[0m               [1;35mttyS0[0m
[0;35minitctl[0m|            [1;35mmtdblock4[0m           [1;35mspidev0.3[0m           [1;35mtty36[0m               [1;35mttyS1[0m
[1;35mkmsg[0m                [1;35mmtdblock5[0m           [1;35mspidev1.0[0m           [1;35mtty37[0m               [1;35mttyS2[0m
[1;35mlog[0m=                [1;35mmtdblock6[0m           [1;36mstderr[0m@             [1;35mtty38[0m               [1;35mttyS3[0m
[1;35mloop-control[0m        [1;35mmtdblock7[0m           [1;36mstdin[0m@              [1;35mtty39[0m               [1;35mubi0[0m
[1;35mloop0[0m               [1;35mmtdblock8[0m           [1;36mstdout[0m@             [1;35mtty4[0m                [1;35mubi0_0[0m
[1;35mloop1[0m               [1;34mnet[0m/                [1;35mtty[0m                 [1;35mtty40[0m               [1;35mubi0_1[0m
[1;35mloop2[0m               [1;35mnetwork_latency[0m     [1;35mtty0[0m                [1;35mtty41[0m               [1;35mubi0_2[0m
[1;35mloop3[0m               [1;35mnetwork_throughput[0m  [1;35mtty1[0m                [1;35mtty42[0m               [1;35mubi0_3[0m
[1;35mloop4[0m               [1;34mni[0m/                 [1;35mtty10[0m               [1;35mtty43[0m               [1;35mubi1[0m
[1;35mloop5[0m               [1;35mnipalk[0m              [1;35mtty11[0m               [1;35mtty44[0m               [1;35mubi1_0[0m
[1;35mloop6[0m               [1;35mniwatchdog[0m          [1;35mtty12[0m               [1;35mtty45[0m               [1;35mubi_ctrl[0m
[1;35mloop7[0m               [1;35mnull[0m                [1;35mtty13[0m               [1;35mtty46[0m               [1;35murandom[0m
[1;35mmem[0m                 [1;35mptmx[0m                [1;35mtty14[0m               [1;35mtty47[0m               [1;35mvcs[0m
[1;35mmemory_bandwidth[0m    [1;34mpts[0m/                [1;35mtty15[0m               [1;35mtty48[0m               [1;35mvcs1[0m
[1;35mmtd0[0m                [1;35mram0[0m                [1;35mtty16[0m               [1;35mtty49[0m               [1;35mvcs2[0m
[1;35mmtd0ro[0m              [1;35mram1[0m                [1;35mtty17[0m               [1;35mtty5[0m                [1;35mvcsa[0m
[1;35mmtd1[0m                [1;35mram10[0m               [1;35mtty18[0m               [1;35mtty50[0m               [1;35mvcsa1[0m
[1;35mmtd1ro[0m              [1;35mram11[0m               [1;35mtty19[0m               [1;35mtty51[0m               [1;35mvcsa2[0m
[1;35mmtd2[0m                [1;35mram12[0m               [1;35mtty2[0m                [1;35mtty52[0m               [1;35mzero[0m
[1;35mmtd2ro[0m              [1;35mram13[0m               [1;35mtty20[0m               [1;35mtty53[0m
[1;35mmtd3[0m                [1;35mram14[0m               [1;35mtty21[0m               [1;35mtty54[0m
[1;35mmtd3ro[0m              [1;35mram15[0m               [1;35mtty22[0m               [1;35mtty55[0m
[1;35mmtd4[0m                [1;35mram2[0m                [1;35mtty23[0m               [1;35mtty56[0m
admin@roboRIO-2036-FRC:~# ls . ~ /
[1;36mC[0m@                        [1;34mc[0m/                        [1;34mmedia[0m/                    [1;34msbin[0m/
[0;0mREADME_File_Paths.txt[0m     [1;34mdev[0m/                      [1;34mmnt[0m/                      [1;34msys[0m/
[0;0mREADME_File_Transfer.txt[0m  [1;34metc[0m/                      [1;34mopt[0m/                      [1;36mtmp[0m@
[1;34mVISION[0m/                   [1;34mhome[0m/                     [1;34mproc[0m/                     [1;34musr[0m/
[1;34mbin[0m/                      [1;34mlib[0m/                      [1;34mroot[0m/                     [1;34mvar[0m/
[1;34mboot[0m/                     [1;34mlost+found[0m/               [1;34mrun[0m/
admin@roboRIO-2036-FRC:~# ls /dev/c C c
cgroup/          char/            console          cpu_dma_latency  
admin@roboRIO-2036-FRC:~# ls /dev/c
cgroup/          char/            console          cpu_dma_latency  
admin@roboRIO-2036-FRC:~# ls /dev/c         lsblk^C
admin@roboRIO-2036-FRC:~# ls /run/n 
[0;0mFRCNetComm.pid[0m     [0;0mifplugd.eth0.pid[0m   [1;35mlldpd.socket[0m=      [0;0mresolv.conf[0m        [1;34msyslog-ng[0m/
[0;0magetty.reload[0m      [0;0mifplugd.usb0.pid[0m   [1;34mlock[0m/              [0;0mrunFRCNetComm.pid[0m  [1;34mudev[0m/
[1;34mavahi-daemon[0m/      [0;0mifstate[0m            [0;0mlvrt_wrapper.pid[0m   [0;0mrunlvrt.pid[0m        [0;0mudhcpc.eth0.pid[0m
[0;0mcron.reboot[0m        [1;36mld.so.cache[0m@       [1;34mmount[0m/             [1;34msepermit[0m/          [0;0mutmp[0m
[0;0mcrond.pid[0m          [1;34mlldpd[0m/             [1;34mnatinst[0m/           [1;34msshd[0m/              [1;34mvsftpd[0m/
[1;34mdbus[0m/              [0;0mlldpd.pid[0m          [1;35mnimdnsd[0m=           [0;0msshd.pid[0m
admin@roboRIO-2036-FRC:~# ls /run/so          find can        ^C
admin@roboRIO-2036-FRC:~# 